Archive member included to satisfy reference by file (symbol)

c:/program files (x86)/atmel/studio/7.0/toolchain/avr8/avr8-gnu-toolchain/bin/../lib/gcc/avr/5.4.0/../../../../avr/lib/avr5\libm.a(divsf3.o)
                              sound.o (__divsf3)
c:/program files (x86)/atmel/studio/7.0/toolchain/avr8/avr8-gnu-toolchain/bin/../lib/gcc/avr/5.4.0/../../../../avr/lib/avr5\libm.a(divsf3x.o)
                              c:/program files (x86)/atmel/studio/7.0/toolchain/avr8/avr8-gnu-toolchain/bin/../lib/gcc/avr/5.4.0/../../../../avr/lib/avr5\libm.a(divsf3.o) (__divsf3x)
c:/program files (x86)/atmel/studio/7.0/toolchain/avr8/avr8-gnu-toolchain/bin/../lib/gcc/avr/5.4.0/../../../../avr/lib/avr5\libm.a(fixunssfsi.o)
                              sound.o (__fixunssfsi)
c:/program files (x86)/atmel/studio/7.0/toolchain/avr8/avr8-gnu-toolchain/bin/../lib/gcc/avr/5.4.0/../../../../avr/lib/avr5\libm.a(floatsisf.o)
                              sound.o (__floatunsisf)
c:/program files (x86)/atmel/studio/7.0/toolchain/avr8/avr8-gnu-toolchain/bin/../lib/gcc/avr/5.4.0/../../../../avr/lib/avr5\libm.a(fp_inf.o)
                              c:/program files (x86)/atmel/studio/7.0/toolchain/avr8/avr8-gnu-toolchain/bin/../lib/gcc/avr/5.4.0/../../../../avr/lib/avr5\libm.a(divsf3x.o) (__fp_inf)
c:/program files (x86)/atmel/studio/7.0/toolchain/avr8/avr8-gnu-toolchain/bin/../lib/gcc/avr/5.4.0/../../../../avr/lib/avr5\libm.a(fp_nan.o)
                              c:/program files (x86)/atmel/studio/7.0/toolchain/avr8/avr8-gnu-toolchain/bin/../lib/gcc/avr/5.4.0/../../../../avr/lib/avr5\libm.a(divsf3x.o) (__fp_nan)
c:/program files (x86)/atmel/studio/7.0/toolchain/avr8/avr8-gnu-toolchain/bin/../lib/gcc/avr/5.4.0/../../../../avr/lib/avr5\libm.a(fp_pscA.o)
                              c:/program files (x86)/atmel/studio/7.0/toolchain/avr8/avr8-gnu-toolchain/bin/../lib/gcc/avr/5.4.0/../../../../avr/lib/avr5\libm.a(divsf3x.o) (__fp_pscA)
c:/program files (x86)/atmel/studio/7.0/toolchain/avr8/avr8-gnu-toolchain/bin/../lib/gcc/avr/5.4.0/../../../../avr/lib/avr5\libm.a(fp_pscB.o)
                              c:/program files (x86)/atmel/studio/7.0/toolchain/avr8/avr8-gnu-toolchain/bin/../lib/gcc/avr/5.4.0/../../../../avr/lib/avr5\libm.a(divsf3x.o) (__fp_pscB)
c:/program files (x86)/atmel/studio/7.0/toolchain/avr8/avr8-gnu-toolchain/bin/../lib/gcc/avr/5.4.0/../../../../avr/lib/avr5\libm.a(fp_round.o)
                              c:/program files (x86)/atmel/studio/7.0/toolchain/avr8/avr8-gnu-toolchain/bin/../lib/gcc/avr/5.4.0/../../../../avr/lib/avr5\libm.a(divsf3.o) (__fp_round)
c:/program files (x86)/atmel/studio/7.0/toolchain/avr8/avr8-gnu-toolchain/bin/../lib/gcc/avr/5.4.0/../../../../avr/lib/avr5\libm.a(fp_split3.o)
                              c:/program files (x86)/atmel/studio/7.0/toolchain/avr8/avr8-gnu-toolchain/bin/../lib/gcc/avr/5.4.0/../../../../avr/lib/avr5\libm.a(divsf3x.o) (__fp_split3)
c:/program files (x86)/atmel/studio/7.0/toolchain/avr8/avr8-gnu-toolchain/bin/../lib/gcc/avr/5.4.0/../../../../avr/lib/avr5\libm.a(fp_zero.o)
                              c:/program files (x86)/atmel/studio/7.0/toolchain/avr8/avr8-gnu-toolchain/bin/../lib/gcc/avr/5.4.0/../../../../avr/lib/avr5\libm.a(fixunssfsi.o) (__fp_zero)
c:/program files (x86)/atmel/studio/7.0/toolchain/avr8/avr8-gnu-toolchain/bin/../lib/gcc/avr/5.4.0/../../../../avr/lib/avr5\libm.a(mulsf3.o)
                              sound.o (__mulsf3)
c:/program files (x86)/atmel/studio/7.0/toolchain/avr8/avr8-gnu-toolchain/bin/../lib/gcc/avr/5.4.0/../../../../avr/lib/avr5\libm.a(mulsf3x.o)
                              c:/program files (x86)/atmel/studio/7.0/toolchain/avr8/avr8-gnu-toolchain/bin/../lib/gcc/avr/5.4.0/../../../../avr/lib/avr5\libm.a(mulsf3.o) (__mulsf3x)
c:/program files (x86)/atmel/studio/7.0/toolchain/avr8/avr8-gnu-toolchain/bin/../lib/gcc/avr/5.4.0/avr5\libgcc.a(_udivmodhi4.o)
                              adc.o (__udivmodhi4)
c:/program files (x86)/atmel/studio/7.0/toolchain/avr8/avr8-gnu-toolchain/bin/../lib/gcc/avr/5.4.0/avr5\libgcc.a(_divmodhi4.o)
                              display.o (__divmodhi4)
c:/program files (x86)/atmel/studio/7.0/toolchain/avr8/avr8-gnu-toolchain/bin/../lib/gcc/avr/5.4.0/avr5\libgcc.a(_udivmodsi4.o)
                              sound.o (__udivmodsi4)
c:/program files (x86)/atmel/studio/7.0/toolchain/avr8/avr8-gnu-toolchain/bin/../lib/gcc/avr/5.4.0/avr5\libgcc.a(_divmodsi4.o)
                              serialio.o (__divmodsi4)
c:/program files (x86)/atmel/studio/7.0/toolchain/avr8/avr8-gnu-toolchain/bin/../lib/gcc/avr/5.4.0/avr5\libgcc.a(_negsi2.o)
                              c:/program files (x86)/atmel/studio/7.0/toolchain/avr8/avr8-gnu-toolchain/bin/../lib/gcc/avr/5.4.0/avr5\libgcc.a(_divmodsi4.o) (__negsi2)
c:/program files (x86)/atmel/studio/7.0/toolchain/avr8/avr8-gnu-toolchain/bin/../lib/gcc/avr/5.4.0/avr5\libgcc.a(_exit.o)
[...]
Memory Configuration

Name             Origin             Length             Attributes
text             0x00000000         0x00008000         xr
data             0x00800100         0x00000800         rw !x
eeprom           0x00810000         0x00000400         rw !x
fuse             0x00820000         0x00000003         rw !x
lock             0x00830000         0x00000400         rw !x
signature        0x00840000         0x00000400         rw !x
user_signatures  0x00850000         0x00000400         rw !x
*default*        0x00000000         0xffffffff

Linker script and memory map

Address of section .data set to 0x800100
LOAD C:/Program Files (x86)/Atmel/Studio/7.0/Packs/atmel/ATmega_DFP/1.7.374/gcc/dev/atmega324a/avr5/crtatmega324a.o
LOAD adc.o
LOAD buttons.o
LOAD cpu.o
LOAD display.o
LOAD game.o
LOAD ledmatrix.o
LOAD project.o
LOAD serialio.o
LOAD sound.o
LOAD spi.o
LOAD ssd.o
LOAD terminalio.o
LOAD timer0.o
START GROUP
LOAD c:/program files (x86)/atmel/studio/7.0/toolchain/avr8/avr8-gnu-toolchain/bin/../lib/gcc/avr/5.4.0/../../../../avr/lib/avr5\libm.a
END GROUP
START GROUP
LOAD c:/program files (x86)/atmel/studio/7.0/toolchain/avr8/avr8-gnu-toolchain/bin/../lib/gcc/avr/5.4.0/avr5\libgcc.a
LOAD c:/program files (x86)/atmel/studio/7.0/toolchain/avr8/avr8-gnu-toolchain/bin/../lib/gcc/avr/5.4.0/../../../../avr/lib/avr5\libm.a
LOAD c:/program files (x86)/atmel/studio/7.0/toolchain/avr8/avr8-gnu-toolchain/bin/../lib/gcc/avr/5.4.0/../../../../avr/lib/avr5\libc.a
LOAD C:/Program Files (x86)/Atmel/Studio/7.0/Packs/atmel/ATmega_DFP/1.7.374/gcc/dev/atmega324a/avr5\libatmega324a.a
END GROUP
                [0x00000000]                __TEXT_REGION_ORIGIN__ = DEFINED (__TEXT_REGION_ORIGIN__)?__TEXT_REGION_ORIGIN__:0x0
                [0x00800100]                __DATA_REGION_ORIGIN__ = DEFINED (__DATA_REGION_ORIGIN__)?__DATA_REGION_ORIGIN__:0x800060
                [0x00008000]                __TEXT_REGION_LENGTH__ = DEFINED (__TEXT_REGION_LENGTH__)?__TEXT_REGION_LENGTH__:0x20000
                [0x00000800]                __DATA_REGION_LENGTH__ = DEFINED (__DATA_REGION_LENGTH__)?__DATA_REGION_LENGTH__:0xffa0
                [0x00000400]                __EEPROM_REGION_LENGTH__ = DEFINED (__EEPROM_REGION_LENGTH__)?__EEPROM_REGION_LENGTH__:0x10000
                [0x00000003]                __FUSE_REGION_LENGTH__ = DEFINED (__FUSE_REGION_LENGTH__)?__FUSE_REGION_LENGTH__:0x400
                0x00000400                __LOCK_REGION_LENGTH__ = DEFINED (__LOCK_REGION_LENGTH__)?__LOCK_REGION_LENGTH__:0x400
                0x00000400                __SIGNATURE_REGION_LENGTH__ = DEFINED (__SIGNATURE_REGION_LENGTH__)?__SIGNATURE_REGION_LENGTH__:0x400
                0x00000400                __USER_SIGNATURE_REGION_LENGTH__ = DEFINED (__USER_SIGNATURE_REGION_LENGTH__)?__USER_SIGNATURE_REGION_LENGTH__:0x400

.hash
 *(.hash)

.dynsym
 *(.dynsym)

.dynstr
 *(.dynstr)

.gnu.version
 *(.gnu.version)

.gnu.version_d
 *(.gnu.version_d)

.gnu.version_r
 *(.gnu.version_r)

.rel.init
 *(.rel.init)

.rela.init
 *(.rela.init)

.rel.text
 *(.rel.text)
 *(.rel.text.*)
 *(.rel.gnu.linkonce.t*)

.rela.text
 *(.rela.text)
 *(.rela.text.*)
 *(.rela.gnu.linkonce.t*)

.rel.fini
 *(.rel.fini)

.rela.fini
 *(.rela.fini)

.rel.rodata
 *(.rel.rodata)
 *(.rel.rodata.*)
 *(.rel.gnu.linkonce.r*)

.rela.rodata
 *(.rela.rodata)
 *(.rela.rodata.*)
 *(.rela.gnu.linkonce.r*)

.rel.data
 *(.rel.data)
 *(.rel.data.*)
 *(.rel.gnu.linkonce.d*)

.rela.data
 *(.rela.data)
 *(.rela.data.*)
 *(.rela.gnu.linkonce.d*)

.rel.ctors
 *(.rel.ctors)

.rela.ctors
 *(.rela.ctors)

.rel.dtors
 *(.rel.dtors)

.rela.dtors
 *(.rela.dtors)

.rel.got
 *(.rel.got)

.rela.got
 *(.rela.got)

.rel.bss
 *(.rel.bss)

.rela.bss
 *(.rela.bss)

.rel.plt
 *(.rel.plt)

.rela.plt
 *(.rela.plt)

.text           0x00000000     0x2e40
 *(.vectors)
 .vectors       0x00000000       0x7c C:/Program Files (x86)/Atmel/Studio/7.0/Packs/atmel/ATmega_DFP/1.7.374/gcc/dev/atmega324a/avr5/crtatmega324a.o
                0x00000000                __vector_default
                0x00000000                __vectors
 *(.vectors)
 *(.progmem.gcc*)
 .progmem.gcc_sw_table.handle_serial_input
                0x0000007c       0x2a project.o
                0x000000a6                . = ALIGN (0x2)
                0x000000a6                __trampolines_start = .
 *(.trampolines)
 .trampolines   0x000000a6        0x0 linker stubs
 *(.trampolines*)
                0x000000a6                __trampolines_end = .
 *libprintf_flt.a:*(.progmem.data)
 *libc.a:*(.progmem.data)
 *(.progmem*)
 .progmem.data.__c.2467
                0x000000a6       0x13 game.o
 .progmem.data.__c.2465
                0x000000b9       0x13 game.o
 .progmem.data.__c.2418
                0x000000cc        0xd game.o
 .progmem.data.__c.2840
                0x000000d9       0x17 project.o
 .progmem.data.__c.2826
                0x000000f0       0x2e project.o
 .progmem.data.__c.2824
                0x0000011e        0xa project.o
 .progmem.data.__c.2798
                0x00000128       0x29 project.o
 .progmem.data.__c.2796
                0x00000151        0x5 project.o
 .progmem.data.star_wars_theme
                0x00000156      0x118 sound.o
                0x00000156                star_wars_theme
 .progmem.data.mario_main_theme
                0x0000026e       0xaa sound.o
                0x0000026e                mario_main_theme
 .progmem.data.__c.2058
                0x00000318        0x7 terminalio.o
 .progmem.data.__c.2045
                0x0000031f        0x4 terminalio.o
 .progmem.data.__c.2040
                0x00000323        0x5 terminalio.o
 .progmem.data.__c.2025
                0x00000328        0x9 terminalio.o
                0x00000332                . = ALIGN (0x2)
 *fill*         0x00000331        0x1 
 *(.jumptables)
 *(.jumptables*)
 *(.lowtext)
 *(.lowtext*)
                0x00000332                __ctors_start = .
 *(.ctors)
                0x00000332                __ctors_end = .
                0x00000332                __dtors_start = .
 *(.dtors)
                0x00000332                __dtors_end = .
 SORT(*)(.ctors)
 SORT(*)(.dtors)
 *(.init0)
 .init0         0x00000332        0x0 C:/Program Files (x86)/Atmel/Studio/7.0/Packs/atmel/ATmega_DFP/1.7.374/gcc/dev/atmega324a/avr5/crtatmega324a.o
                0x00000332                __init
 *(.init0)
 *(.init1)
 *(.init1)
 *(.init2)
 .init2         0x00000332        0xc C:/Program Files (x86)/Atmel/Studio/7.0/Packs/atmel/ATmega_DFP/1.7.374/gcc/dev/atmega324a/avr5/crtatmega324a.o
 *(.init2)
 *(.init3)
 *(.init3)
 *(.init4)
 .init4         0x0000033e       0x16 c:/program files (x86)/atmel/studio/7.0/toolchain/avr8/avr8-gnu-toolchain/bin/../lib/gcc/avr/5.4.0/avr5\libgcc.a(_copy_data.o)
                0x0000033e                __do_copy_data
 .init4         0x00000354       0x10 c:/program files (x86)/atmel/studio/7.0/toolchain/avr8/avr8-gnu-toolchain/bin/../lib/gcc/avr/5.4.0/avr5\libgcc.a(_clear_bss.o)
                0x00000354                __do_clear_bss
 *(.init4)
 *(.init5)
 *(.init5)
 *(.init6)
 *(.init6)
 *(.init7)
 *(.init7)
 *(.init8)
 *(.init8)
 *(.init9)
 .init9         0x00000364        0x8 C:/Program Files (x86)/Atmel/Studio/7.0/Packs/atmel/ATmega_DFP/1.7.374/gcc/dev/atmega324a/avr5/crtatmega324a.o
 *(.init9)
 *(.text)
 .text          0x0000036c        0x4 C:/Program Files (x86)/Atmel/Studio/7.0/Packs/atmel/ATmega_DFP/1.7.374/gcc/dev/atmega324a/avr5/crtatmega324a.o
                0x0000036c                __vector_22
                0x0000036c                __vector_28
                0x0000036c                __vector_1
                0x0000036c                __vector_12
                0x0000036c                __bad_interrupt
                0x0000036c                __vector_6
                0x0000036c                __vector_3
                0x0000036c                __vector_23
                0x0000036c                __vector_30
                0x0000036c                __vector_25
                0x0000036c                __vector_11
                0x0000036c                __vector_13
                0x0000036c                __vector_17
                0x0000036c                __vector_19
                0x0000036c                __vector_7
                0x0000036c                __vector_27
                0x0000036c                __vector_4
                0x0000036c                __vector_2
                0x0000036c                __vector_15
                0x0000036c                __vector_29
                0x0000036c                __vector_8
                0x0000036c                __vector_26
                0x0000036c                __vector_14
                0x0000036c                __vector_10
                0x0000036c                __vector_18
 .text          0x00000370       0x26 c:/program files (x86)/atmel/studio/7.0/toolchain/avr8/avr8-gnu-toolchain/bin/../lib/gcc/avr/5.4.0/../../../../avr/lib/avr5\libc.a(time.o)
                0x00000370                time
                0x00000396                . = ALIGN (0x2)
 *(.text.*)
 .text.init_adc_interrupts
                0x00000396       0x1c adc.o
                0x00000396                init_adc_interrupts
 .text.map      0x000003b2       0x34 adc.o
                0x000003b2                map
 .text.adc_move
                0x000003e6      0x1c0 adc.o
                0x000003e6                adc_move
 .text.__vector_24
                0x000005a6       0x52 adc.o
                0x000005a6                __vector_24
 .text.init_button_interrupts
                0x000005f8       0x20 buttons.o
                0x000005f8                init_button_interrupts
 .text.button_pushed
                0x00000618      0x1b4 buttons.o
                0x00000618                button_pushed
 .text.__vector_5
                0x000007cc       0xbe buttons.o
                0x000007cc                __vector_5
 .text.is_cpu_enabled
                0x0000088a        0x6 cpu.o
                0x0000088a                is_cpu_enabled
 .text.toggle_cpu_enabled
                0x00000890       0x3a cpu.o
                0x00000890                toggle_cpu_enabled
 .text.fastabs  0x000008ca       0x12 cpu.o
                0x000008ca                fastabs
 .text.predict_ball
                0x000008dc       0xe4 cpu.o
                0x000008dc                predict_ball
 .text.cpu_think
                0x000009c0       0xc2 cpu.o
                0x000009c0                cpu_think
 .text.guide_think
                0x00000a82       0xbe cpu.o
                0x00000a82                guide_think
 .text.initialise_display
                0x00000b40       0x88 display.o
                0x00000b40                initialise_display
 .text.show_start_screen
                0x00000bc8       0x92 display.o
                0x00000bc8                show_start_screen
 .text.update_start_screen
                0x00000c5a       0xf8 display.o
                0x00000c5a                update_start_screen
 .text.update_square_colour
                0x00000d52       0x22 display.o
                0x00000d52                update_square_colour
 .text.draw_3x3_number
                0x00000d74       0x7c display.o
                0x00000d74                draw_3x3_number
 .text.clear_3x3_grid
                0x00000df0       0x4c display.o
                0x00000df0                clear_3x3_grid
 .text.draw_rally_count
                0x00000e3c       0x58 display.o
                0x00000e3c                draw_rally_count
 .text.clear_rally_col
                0x00000e94       0x3a display.o
                0x00000e94                clear_rally_col
 .text.draw_guide_paddle
                0x00000ece       0x4c game.o
                0x00000ece                draw_guide_paddle
 .text.erase_guide_paddle
                0x00000f1a       0x4c game.o
                0x00000f1a                erase_guide_paddle
 .text.update_guide_paddle
                0x00000f66       0x14 game.o
                0x00000f66                update_guide_paddle
 .text.draw_player_paddle
                0x00000f7a       0x64 game.o
                0x00000f7a                draw_player_paddle
 .text.erase_player_paddle
                0x00000fde       0x48 game.o
                0x00000fde                erase_player_paddle
 .text.is_game_paused
                0x00001026        0x6 game.o
                0x00001026                is_game_paused
 .text.toggle_pause
                0x0000102c       0x50 game.o
                0x0000102c                toggle_pause
 .text.check_vertical_ball_collision
                0x0000107c       0x1c game.o
                0x0000107c                check_vertical_ball_collision
 .text.check_ball_collision_with_playerEX
                0x00001098       0x36 game.o
                0x00001098                check_ball_collision_with_playerEX
 .text.move_player_paddle
                0x000010ce       0x6a game.o
                0x000010ce                move_player_paddle
 .text.handle_player_move
                0x00001138       0x62 game.o
                0x00001138                handle_player_move
 .text.check_ball_collision_with_player
                0x0000119a       0x22 game.o
                0x0000119a                check_ball_collision_with_player
 .text.generate_random_number
                0x000011bc       0x2a game.o
                0x000011bc                generate_random_number
 .text.random_x_direction
                0x000011e6       0x14 game.o
                0x000011e6                random_x_direction
 .text.random_y_direction
                0x000011fa        0xa game.o
                0x000011fa                random_y_direction
 .text.reset_ball
                0x00001204       0x30 game.o
                0x00001204                reset_ball
 .text.display_players_score
                0x00001234       0x6a game.o
                0x00001234                display_players_score
 .text.get_player_score
                0x0000129e        0xe game.o
                0x0000129e                get_player_score
 .text.draw_player_score
                0x000012ac       0x20 game.o
                0x000012ac                draw_player_score
 .text.clear_player_score
                0x000012cc       0x14 game.o
                0x000012cc                clear_player_score
 .text.is_game_over
                0x000012e0       0x7e game.o
                0x000012e0                is_game_over
 .text.reset_rally_counter
                0x0000135e       0x1e game.o
                0x0000135e                reset_rally_counter
 .text.reset_rally_counters
                0x0000137c        0xe game.o
                0x0000137c                reset_rally_counters
 .text.initialise_game
                0x0000138a       0x5e game.o
                0x0000138a                initialise_game
 .text.add_point
                0x000013e8       0x62 game.o
                0x000013e8                add_point
 .text.increment_rally_counter
                0x0000144a       0x24 game.o
                0x0000144a                increment_rally_counter
 .text.check_ball_collision_with_players
                0x0000146e       0x3c game.o
                0x0000146e                check_ball_collision_with_players
 .text.check_ball_collision
                0x000014aa       0x84 game.o
                0x000014aa                check_ball_collision
 .text.update_ball_position
                0x0000152e       0x5e game.o
                0x0000152e                update_ball_position
 .text.get_game_speed
                0x0000158c       0x1c game.o
                0x0000158c                get_game_speed
 .text.set_game_speed
                0x000015a8        0x6 game.o
                0x000015a8                set_game_speed
 .text.get_ball_data
                0x000015ae       0x1c game.o
                0x000015ae                get_ball_data
 .text.get_player_y
                0x000015ca        0xe game.o
                0x000015ca                get_player_y
 .text.get_player_x
                0x000015d8        0xe game.o
                0x000015d8                get_player_x
 .text.get_guide_y
                0x000015e6        0x6 game.o
                0x000015e6                get_guide_y
 .text.ledmatrix_setup
                0x000015ec        0x8 ledmatrix.o
                0x000015ec                ledmatrix_setup
 .text.ledmatrix_update_pixel
                0x000015f4       0x3e ledmatrix.o
                0x000015f4                ledmatrix_update_pixel
 .text.ledmatrix_update_column
                0x00001632       0x3a ledmatrix.o
                0x00001632                ledmatrix_update_column
 .text.ledmatrix_clear
                0x0000166c        0x8 ledmatrix.o
                0x0000166c                ledmatrix_clear
 .text.initialise_hardware
                0x00001674       0x38 project.o
                0x00001674                initialise_hardware
 .text.start_screen
                0x000016ac       0xf4 project.o
                0x000016ac                start_screen
 .text.handle_game_over
                0x000017a0       0x70 project.o
                0x000017a0                handle_game_over
 .text.draw_game_speed
                0x00001810       0x8a project.o
                0x00001810                draw_game_speed
 .text.new_game
                0x0000189a       0x20 project.o
                0x0000189a                new_game
 .text.handle_keyboard_movement
                0x000018ba        0xc project.o
                0x000018ba                handle_keyboard_movement
 .text.handle_serial_input
                0x000018c6      0x112 project.o
                0x000018c6                handle_serial_input
 .text.play_game
                0x000019d8       0xe0 project.o
                0x000019d8                play_game
 .text.main     0x00001ab8       0x16 project.o
                0x00001ab8                main
 .text.uart_put_char
                0x00001ace       0x70 serialio.o
 .text.uart_get_char
                0x00001b3e       0x5c serialio.o
 .text.init_serial_stdio
                0x00001b9a       0x8e serialio.o
                0x00001b9a                init_serial_stdio
 .text.serial_input_available
                0x00001c28        0xe serialio.o
                0x00001c28                serial_input_available
 .text.get_serial_input
                0x00001c36       0x1a serialio.o
                0x00001c36                get_serial_input
 .text.clear_serial_input_buffer
                0x00001c50        0xa serialio.o
                0x00001c50                clear_serial_input_buffer
 .text.__vector_21
                0x00001c5a       0x84 serialio.o
                0x00001c5a                __vector_21
 .text.__vector_20
                0x00001cde       0xa6 serialio.o
                0x00001cde                __vector_20
 .text.start_input_pressed
                0x00001d84       0x16 serialio.o
                0x00001d84                start_input_pressed
 .text.freq_to_clock_period
                0x00001d9a       0x16 sound.o
                0x00001d9a                freq_to_clock_period
 .text.duty_cycle_to_pulse_width
                0x00001db0       0x3a sound.o
                0x00001db0                duty_cycle_to_pulse_width
 .text.Tunes_SetTimer
                0x00001dea       0x1c sound.o
                0x00001dea                Tunes_SetTimer
 .text.setup_sound_effects
                0x00001e06       0x12 sound.o
                0x00001e06                setup_sound_effects
 .text.Tone     0x00001e18       0x7e sound.o
                0x00001e18                Tone
 .text.Tunes_Play
                0x00001e96       0x38 sound.o
                0x00001e96                Tunes_Play
 .text.Tunes_Play_Mario
                0x00001ece        0xc sound.o
                0x00001ece                Tunes_Play_Mario
 .text.Tunes_Play_star
                0x00001eda        0xc sound.o
                0x00001eda                Tunes_Play_star
 .text.Tunes_Stop
                0x00001ee6       0x38 sound.o
                0x00001ee6                Tunes_Stop
 .text.toggle_mute
                0x00001f1e       0x14 sound.o
                0x00001f1e                toggle_mute
 .text.Tunes_IsPlaying
                0x00001f32        0x6 sound.o
                0x00001f32                Tunes_IsPlaying
 .text.Tunes_Think
                0x00001f38      0x16c sound.o
                0x00001f38                Tunes_Think
 .text.spi_setup_master
                0x000020a4       0x58 spi.o
                0x000020a4                spi_setup_master
 .text.spi_send_byte
                0x000020fc        0xc spi.o
                0x000020fc                spi_send_byte
 .text.setup_ssd
                0x00002108       0x2a ssd.o
                0x00002108                setup_ssd
 .text.ssd_display_score
                0x00002132        0x8 ssd.o
                0x00002132                ssd_display_score
 .text.__vector_9
                0x0000213a       0x9a ssd.o
                0x0000213a                __vector_9
 .text.move_terminal_cursor
                0x000021d4       0x22 terminalio.o
                0x000021d4                move_terminal_cursor
 .text.clear_terminal
                0x000021f6       0x12 terminalio.o
                0x000021f6                clear_terminal
 .text.clear_to_end_of_line
                0x00002208       0x12 terminalio.o
                0x00002208                clear_to_end_of_line
 .text.show_cursor
                0x0000221a       0x12 terminalio.o
                0x0000221a                show_cursor
 .text.init_timer0
                0x0000222c       0x2c timer0.o
                0x0000222c                init_timer0
 .text.get_current_time
                0x00002258       0x20 timer0.o
                0x00002258                get_current_time
 .text.__vector_16
                0x00002278       0x4a timer0.o
                0x00002278                __vector_16
 .text.avr-libc.fplib
                0x000022c2        0x8 c:/program files (x86)/atmel/studio/7.0/toolchain/avr8/avr8-gnu-toolchain/bin/../lib/gcc/avr/5.4.0/../../../../avr/lib/avr5\libm.a(divsf3.o)
                0x000022c2                __divsf3
 .text.avr-libc.fplib
                0x000022ca       0xdc c:/program files (x86)/atmel/studio/7.0/toolchain/avr8/avr8-gnu-toolchain/bin/../lib/gcc/avr/5.4.0/../../../../avr/lib/avr5\libm.a(divsf3x.o)
                0x000022ea                __divsf3x
                0x000022f0                __divsf3_pse
 .text.avr-libc.fplib
                0x000023a6       0x5e c:/program files (x86)/atmel/studio/7.0/toolchain/avr8/avr8-gnu-toolchain/bin/../lib/gcc/avr/5.4.0/../../../../avr/lib/avr5\libm.a(fixunssfsi.o)
                0x000023a6                __fixunssfsi
 .text.avr-libc.fplib
                0x00002404       0x7a c:/program files (x86)/atmel/studio/7.0/toolchain/avr8/avr8-gnu-toolchain/bin/../lib/gcc/avr/5.4.0/../../../../avr/lib/avr5\libm.a(floatsisf.o)
                0x00002404                __floatunsisf
                0x00002408                __floatsisf
 .text.avr-libc.fplib
                0x0000247e        0xc c:/program files (x86)/atmel/studio/7.0/toolchain/avr8/avr8-gnu-toolchain/bin/../lib/gcc/avr/5.4.0/../../../../avr/lib/avr5\libm.a(fp_inf.o)
                0x0000247e                __fp_inf
 .text.avr-libc.fplib
                0x0000248a        0x6 c:/program files (x86)/atmel/studio/7.0/toolchain/avr8/avr8-gnu-toolchain/bin/../lib/gcc/avr/5.4.0/../../../../avr/lib/avr5\libm.a(fp_nan.o)
                0x0000248a                __fp_nan
 .text.avr-libc.fplib
                0x00002490        0xe c:/program files (x86)/atmel/studio/7.0/toolchain/avr8/avr8-gnu-toolchain/bin/../lib/gcc/avr/5.4.0/../../../../avr/lib/avr5\libm.a(fp_pscA.o)
                0x00002490                __fp_pscA
 .text.avr-libc.fplib
                0x0000249e        0xe c:/program files (x86)/atmel/studio/7.0/toolchain/avr8/avr8-gnu-toolchain/bin/../lib/gcc/avr/5.4.0/../../../../avr/lib/avr5\libm.a(fp_pscB.o)
                0x0000249e                __fp_pscB
 .text.avr-libc.fplib
                0x000024ac       0x22 c:/program files (x86)/atmel/studio/7.0/toolchain/avr8/avr8-gnu-toolchain/bin/../lib/gcc/avr/5.4.0/../../../../avr/lib/avr5\libm.a(fp_round.o)
                0x000024ac                __fp_round
 .text.avr-libc.fplib
                0x000024ce       0x44 c:/program files (x86)/atmel/studio/7.0/toolchain/avr8/avr8-gnu-toolchain/bin/../lib/gcc/avr/5.4.0/../../../../avr/lib/avr5\libm.a(fp_split3.o)
                0x000024ce                __fp_split3
                0x000024de                __fp_splitA
 .text.avr-libc.fplib
                0x00002512        0xe c:/program files (x86)/atmel/studio/7.0/toolchain/avr8/avr8-gnu-toolchain/bin/../lib/gcc/avr/5.4.0/../../../../avr/lib/avr5\libm.a(fp_zero.o)
                0x00002512                __fp_zero
                0x00002514                __fp_szero
 .text.avr-libc.fplib
                0x00002520        0x8 c:/program files (x86)/atmel/studio/7.0/toolchain/avr8/avr8-gnu-toolchain/bin/../lib/gcc/avr/5.4.0/../../../../avr/lib/avr5\libm.a(mulsf3.o)
                0x00002520                __mulsf3
 .text.avr-libc.fplib
                0x00002528       0xd2 c:/program files (x86)/atmel/studio/7.0/toolchain/avr8/avr8-gnu-toolchain/bin/../lib/gcc/avr/5.4.0/../../../../avr/lib/avr5\libm.a(mulsf3x.o)
                0x00002546                __mulsf3x
                0x0000254c                __mulsf3_pse
 .text.libgcc.div
                0x000025fa       0x28 c:/program files (x86)/atmel/studio/7.0/toolchain/avr8/avr8-gnu-toolchain/bin/../lib/gcc/avr/5.4.0/avr5\libgcc.a(_udivmodhi4.o)
                0x000025fa                __udivmodhi4
 .text.libgcc.div
                0x00002622       0x28 c:/program files (x86)/atmel/studio/7.0/toolchain/avr8/avr8-gnu-toolchain/bin/../lib/gcc/avr/5.4.0/avr5\libgcc.a(_divmodhi4.o)
                0x00002622                _div
                0x00002622                __divmodhi4
 .text.libgcc.div
                0x0000264a       0x44 c:/program files (x86)/atmel/studio/7.0/toolchain/avr8/avr8-gnu-toolchain/bin/../lib/gcc/avr/5.4.0/avr5\libgcc.a(_udivmodsi4.o)
                0x0000264a                __udivmodsi4
 .text.libgcc.div
                0x0000268e       0x2e c:/program files (x86)/atmel/studio/7.0/toolchain/avr8/avr8-gnu-toolchain/bin/../lib/gcc/avr/5.4.0/avr5\libgcc.a(_divmodsi4.o)
                0x0000268e                __divmodsi4
 .text.libgcc.div
                0x000026bc       0x10 c:/program files (x86)/atmel/studio/7.0/toolchain/avr8/avr8-gnu-toolchain/bin/../lib/gcc/avr/5.4.0/avr5\libgcc.a(_negsi2.o)
                0x000026bc                __negsi2
 .text.libgcc   0x000026cc        0xc c:/program files (x86)/atmel/studio/7.0/toolchain/avr8/avr8-gnu-toolchain/bin/../lib/gcc/avr/5.4.0/avr5\libgcc.a(_tablejump2.o)
                0x000026cc                __tablejump2__
 .text.avr-libc
                0x000026d8       0xb8 c:/program files (x86)/atmel/studio/7.0/toolchain/avr8/avr8-gnu-toolchain/bin/../lib/gcc/avr/5.4.0/../../../../avr/lib/avr5\libc.a(rand.o)
                0x0000276a                rand_r
                0x00002770                rand
                0x0000277a                srand
 .text.avr-libc
                0x00002790       0x10 c:/program files (x86)/atmel/studio/7.0/toolchain/avr8/avr8-gnu-toolchain/bin/../lib/gcc/avr/5.4.0/../../../../avr/lib/avr5\libc.a(tolower.o)
                0x00002790                tolower
 .text.avr-libc
                0x000027a0       0x7c c:/program files (x86)/atmel/studio/7.0/toolchain/avr8/avr8-gnu-toolchain/bin/../lib/gcc/avr/5.4.0/../../../../avr/lib/avr5\libc.a(fgetc.o)
                0x000027a0                fgetc
 .text.avr-libc
                0x0000281c       0x4c c:/program files (x86)/atmel/studio/7.0/toolchain/avr8/avr8-gnu-toolchain/bin/../lib/gcc/avr/5.4.0/../../../../avr/lib/avr5\libc.a(printf_p.o)
                0x0000281c                printf_P
 .text.avr-libc
                0x00002868      0x3c2 c:/program files (x86)/atmel/studio/7.0/toolchain/avr8/avr8-gnu-toolchain/bin/../lib/gcc/avr/5.4.0/../../../../avr/lib/avr5\libc.a(vfprintf_std.o)
                0x00002868                vfprintf
 .text.avr-libc
                0x00002c2a       0x16 c:/program files (x86)/atmel/studio/7.0/toolchain/avr8/avr8-gnu-toolchain/bin/../lib/gcc/avr/5.4.0/../../../../avr/lib/avr5\libc.a(strnlen_P.o)
                0x00002c2a                strnlen_P
 .text.avr-libc
                0x00002c40       0x16 c:/program files (x86)/atmel/studio/7.0/toolchain/avr8/avr8-gnu-toolchain/bin/../lib/gcc/avr/5.4.0/../../../../avr/lib/avr5\libc.a(strnlen.o)
                0x00002c40                strnlen
 .text.avr-libc
                0x00002c56       0x78 c:/program files (x86)/atmel/studio/7.0/toolchain/avr8/avr8-gnu-toolchain/bin/../lib/gcc/avr/5.4.0/../../../../avr/lib/avr5\libc.a(fputc.o)
                0x00002c56                fputc
 .text.avr-libc
                0x00002cce       0xbc c:/program files (x86)/atmel/studio/7.0/toolchain/avr8/avr8-gnu-toolchain/bin/../lib/gcc/avr/5.4.0/../../../../avr/lib/avr5\libc.a(ultoa_invert.o)
                0x00002cce                __ultoa_invert
 .text.libgcc.mul
                0x00002d8a       0x16 c:/program files (x86)/atmel/studio/7.0/toolchain/avr8/avr8-gnu-toolchain/bin/../lib/gcc/avr/5.4.0/avr5\libgcc.a(_muluhisi3.o)
                0x00002d8a                __muluhisi3
 .text.libgcc.mul
                0x00002da0       0x10 c:/program files (x86)/atmel/studio/7.0/toolchain/avr8/avr8-gnu-toolchain/bin/../lib/gcc/avr/5.4.0/avr5\libgcc.a(_mulshisi3.o)
                0x00002da0                __mulshisi3
                0x00002da6                __mulohisi3
 .text.libgcc.prologue
                0x00002db0       0x38 c:/program files (x86)/atmel/studio/7.0/toolchain/avr8/avr8-gnu-toolchain/bin/../lib/gcc/avr/5.4.0/avr5\libgcc.a(_prologue.o)
                0x00002db0                __prologue_saves__
 .text.libgcc.prologue
                0x00002de8       0x36 c:/program files (x86)/atmel/studio/7.0/toolchain/avr8/avr8-gnu-toolchain/bin/../lib/gcc/avr/5.4.0/avr5\libgcc.a(_epilogue.o)
                0x00002de8                __epilogue_restores__
 .text.libgcc.mul
                0x00002e1e       0x1e c:/program files (x86)/atmel/studio/7.0/toolchain/avr8/avr8-gnu-toolchain/bin/../lib/gcc/avr/5.4.0/avr5\libgcc.a(_umulhisi3.o)
                0x00002e1e                __umulhisi3
                0x00002e3c                . = ALIGN (0x2)
 *(.fini9)
 .fini9         0x00002e3c        0x0 c:/program files (x86)/atmel/studio/7.0/toolchain/avr8/avr8-gnu-toolchain/bin/../lib/gcc/avr/5.4.0/avr5\libgcc.a(_exit.o)
                0x00002e3c                _exit
                0x00002e3c                exit
 *(.fini9)
 *(.fini8)
 *(.fini8)
 *(.fini7)
 *(.fini7)
 *(.fini6)
 *(.fini6)
 *(.fini5)
 *(.fini5)
 *(.fini4)
 *(.fini4)
 *(.fini3)
 *(.fini3)
 *(.fini2)
 *(.fini2)
 *(.fini1)
 *(.fini1)
 *(.fini0)
 .fini0         0x00002e3c        0x4 c:/program files (x86)/atmel/studio/7.0/toolchain/avr8/avr8-gnu-toolchain/bin/../lib/gcc/avr/5.4.0/avr5\libgcc.a(_exit.o)
 *(.fini0)
                0x00002e40                _etext = .

.data           0x00800100       0x6c load address 0x00002e40
                0x00800100                PROVIDE (__data_start, .)
 *(.data)
 .data          0x00800100        0x4 c:/program files (x86)/atmel/studio/7.0/toolchain/avr8/avr8-gnu-toolchain/bin/../lib/gcc/avr/5.4.0/../../../../avr/lib/avr5\libc.a(rand.o)
 *(.data*)
 .data.player_rally
                0x00800104        0x2 game.o
 .data.myStream
                0x00800106        0xe serialio.o
 .data.Volume   0x00800114        0x1 sound.o
 .data.seven_seg
                0x00800115       0x10 ssd.o
                0x00800115                seven_seg
 *(.gnu.linkonce.d*)
 *(.rodata)
 *(.rodata*)
 .rodata.LED_DIGIT_FONTS
                0x00800125       0x14 display.o
 .rodata.pong_display
                0x00800139       0x10 display.o
 .rodata.game_speeds
                0x00800149        0xc game.o
 .rodata.rally_start_x
                0x00800155        0x2 game.o
 .rodata.score_start_x
                0x00800157        0x2 game.o
 .rodata.PLAYER_X_COORDINATES
                0x00800159        0x2 game.o
 .rodata.str1.1
                0x0080015b       0x11 project.o
 *(.gnu.linkonce.r*)
                0x0080016c                . = ALIGN (0x2)
                0x0080016c                _edata = .
                0x0080016c                PROVIDE (__data_end, .)

.bss            0x0080016c      0x194
                0x0080016c                PROVIDE (__bss_start, .)
 *(.bss)
 *(.bss*)
 .bss.holding   0x0080016c        0x1 adc.o
 .bss.last_mapped
                0x0080016d        0x2 adc.o
 .bss.next_queue_time
                0x0080016f        0x4 adc.o
 .bss.next_read_time
                0x00800173        0x4 adc.o
 .bss.cur_time  0x00800177        0x4 adc.o
 .bss.adc_queue_length
                0x0080017b        0x1 adc.o
 .bss.adc_queue
                0x0080017c        0x8 adc.o
 .bss.cur_time  0x00800184        0x4 buttons.o
 .bss.button_queue_length
                0x00800188        0x1 buttons.o
 .bss.held_queue
                0x00800189       0x10 buttons.o
 .bss.button_queue
                0x00800199        0x4 buttons.o
 .bss.button_state
                0x0080019d        0x1 buttons.o
 .bss.last_button_state
                0x0080019e        0x1 buttons.o
 .bss.cpu_y_coordinate
                0x0080019f        0x1 cpu.o
 .bss.last_p    0x008001a0        0x2 cpu.o
 .bss.last_ball_data
                0x008001a2        0x4 cpu.o
 .bss.current_time
                0x008001a6        0x4 cpu.o
 .bss.next_guide_move
                0x008001aa        0x4 cpu.o
 .bss.next_move_time
                0x008001ae        0x4 cpu.o
 .bss.cpu_enabled
                0x008001b2        0x1 cpu.o
 .bss.game_speed
                0x008001b3        0x1 game.o
 .bss.resume_time
                0x008001b4        0x4 game.o
                0x008001b4                resume_time
 .bss.gained_point
                0x008001b8        0x1 game.o
                0x008001b8                gained_point
 .bss.guide_y_coordinate
                0x008001b9        0x1 game.o
 .bss.player_score
                0x008001ba        0x2 game.o
 .bss.player_y_coordinates
                0x008001bc        0x2 game.o
 .bss.current_time
                0x008001be        0x4 project.o
                0x008001be                current_time
 .bss.do_echo   0x008001c2        0x1 serialio.o
 .bss.duration.2183
                0x008001c3        0x2 sound.o
 .bss.mute      0x008001c5        0x1 sound.o
 .bss.delay_ms  0x008001c6        0x2 sound.o
                0x008001c6                delay_ms
 .bss.Wholenote
                0x008001c8        0x2 sound.o
 .bss.CurrentSong
                0x008001ca        0x2 sound.o
 .bss.tunes_playing
                0x008001cc        0x1 sound.o
                0x008001cc                tunes_playing
 .bss.ToneOn    0x008001cd        0x1 sound.o
 .bss.seven_seg_cc
                0x008001ce        0x1 ssd.o
                0x008001ce                seven_seg_cc
 .bss.digits_displayed
                0x008001cf        0x1 ssd.o
                0x008001cf                digits_displayed
 .bss.clock_ticks_ms
                0x008001d0        0x4 timer0.o
 *(COMMON)
 COMMON         0x008001d4        0x5 game.o
                0x008001d4                ball_y_direction
                0x008001d5                ball_y
                0x008001d6                ball_x
                0x008001d7                ball_x_direction
                0x008001d8                game_paused
 COMMON         0x008001d9        0x9 project.o
                0x008001d9                remaining_time
                0x008001dd                next_ball_move_time
                0x008001e1                btn
 COMMON         0x008001e2      0x114 serialio.o
                0x008001e2                out_insert_pos
                0x008001e3                bytes_in_out_buffer
                0x008001e4                out_buffer
                0x008002e3                input_insert_pos
                0x008002e4                input_buffer
                0x008002f4                input_overrun
                0x008002f5                bytes_in_input_buffer
 COMMON         0x008002f6        0x6 c:/program files (x86)/atmel/studio/7.0/toolchain/avr8/avr8-gnu-toolchain/bin/../lib/gcc/avr/5.4.0/../../../../avr/lib/avr5\libc.a(iob.o)
                0x008002f6                __iob
 COMMON         0x008002fc        0x4 c:/program files (x86)/atmel/studio/7.0/toolchain/avr8/avr8-gnu-toolchain/bin/../lib/gcc/avr/5.4.0/../../../../avr/lib/avr5\libc.a(system_time.o)
                0x008002fc                __system_time
                0x00800300                PROVIDE (__bss_end, .)
                0x00002e40                __data_load_start = LOADADDR (.data)
                0x00002eac                __data_load_end = (__data_load_start + SIZEOF (.data))

.noinit         0x00800300        0x0
                [!provide]                PROVIDE (__noinit_start, .)
 *(.noinit*)
                [!provide]                PROVIDE (__noinit_end, .)
                0x00800300                _end = .
                [!provide]                PROVIDE (__heap_start, .)

.eeprom         0x00810000        0x0
 *(.eeprom*)
                0x00810000                __eeprom_end = .

.fuse
 *(.fuse)
 *(.lfuse)
 *(.hfuse)
 *(.efuse)

.lock
 *(.lock*)

.signature
 *(.signature*)

.user_signatures
 *(.user_signatures*)

.stab
 *(.stab)

.stabstr
 *(.stabstr)

.stab.excl
 *(.stab.excl)

.stab.exclstr
 *(.stab.exclstr)

.stab.index
 *(.stab.index)

.stab.indexstr
 *(.stab.indexstr)

.comment        0x00000000       0x5c
 *(.comment)
 .comment       0x00000000       0x30 adc.o
                                 0x31 (size before relaxing)
 .comment       0x00000030       0x31 buttons.o
 .comment       0x00000030       0x31 cpu.o
 .comment       0x00000030       0x31 display.o
 .comment       0x00000030       0x31 game.o
 .comment       0x00000030       0x31 ledmatrix.o
 .comment       0x00000030       0x31 project.o
 .comment       0x00000030       0x31 serialio.o
 .comment       0x00000030       0x31 sound.o
 .comment       0x00000030       0x31 spi.o
 .comment       0x00000030       0x31 ssd.o
 .comment       0x00000030       0x31 terminalio.o
 .comment       0x00000030       0x31 timer0.o
 .comment       0x00000030       0x31 c:/program files (x86)/atmel/studio/7.0/toolchain/avr8/avr8-gnu-toolchain/bin/../lib/gcc/avr/5.4.0/../../../../avr/lib/avr5\libc.a(rand.o)
 .comment       0x00000030       0x31 c:/program files (x86)/atmel/studio/7.0/toolchain/avr8/avr8-gnu-toolchain/bin/../lib/gcc/avr/5.4.0/../../../../avr/lib/avr5\libc.a(fgetc.o)
 .comment       0x00000030       0x31 c:/program files (x86)/atmel/studio/7.0/toolchain/avr8/avr8-gnu-toolchain/bin/../lib/gcc/avr/5.4.0/../../../../avr/lib/avr5\libc.a(iob.o)
 .comment       0x00000030       0x31 c:/program files (x86)/atmel/studio/7.0/toolchain/avr8/avr8-gnu-toolchain/bin/../lib/gcc/avr/5.4.0/../../../../avr/lib/avr5\libc.a(printf_p.o)
 .comment       0x00000030       0x31 c:/program files (x86)/atmel/studio/7.0/toolchain/avr8/avr8-gnu-toolchain/bin/../lib/gcc/avr/5.4.0/../../../../avr/lib/avr5\libc.a(time.o)
 .comment       0x00000030       0x2c c:/program files (x86)/atmel/studio/7.0/toolchain/avr8/avr8-gnu-toolchain/bin/../lib/gcc/avr/5.4.0/../../../../avr/lib/avr5\libc.a(vfprintf_std.o)
                                 0x2d (size before relaxing)
 .comment       0x0000005c       0x31 c:/program files (x86)/atmel/studio/7.0/toolchain/avr8/avr8-gnu-toolchain/bin/../lib/gcc/avr/5.4.0/../../../../avr/lib/avr5\libc.a(fputc.o)
 .comment       0x0000005c       0x31 c:/program files (x86)/atmel/studio/7.0/toolchain/avr8/avr8-gnu-toolchain/bin/../lib/gcc/avr/5.4.0/../../../../avr/lib/avr5\libc.a(system_time.o)

.note.gnu.avr.deviceinfo
                0x00000000       0x40
 .note.gnu.avr.deviceinfo
                0x00000000       0x40 C:/Program Files (x86)/Atmel/Studio/7.0/Packs/atmel/ATmega_DFP/1.7.374/gcc/dev/atmega324a/avr5/crtatmega324a.o

.note.gnu.build-id
 *(.note.gnu.build-id)

.debug
 *(.debug)

.line
 *(.line)

.debug_srcinfo
 *(.debug_srcinfo)

.debug_sfnames
 *(.debug_sfnames)

.debug_aranges  0x00000000      0x520
 *(.debug_aranges)
 .debug_aranges
                0x00000000       0x38 adc.o
 .debug_aranges
                0x00000038       0x30 buttons.o
 .debug_aranges
                0x00000068       0x48 cpu.o
 .debug_aranges
                0x000000b0       0x58 display.o
 .debug_aranges
                0x00000108      0x138 game.o
 .debug_aranges
                0x00000240       0x88 ledmatrix.o
 .debug_aranges
                0x000002c8       0x60 project.o
 .debug_aranges
                0x00000328       0x60 serialio.o
 .debug_aranges
                0x00000388       0x88 sound.o
 .debug_aranges
                0x00000410       0x28 spi.o
 .debug_aranges
                0x00000438       0x30 ssd.o
 .debug_aranges
                0x00000468       0x88 terminalio.o
 .debug_aranges
                0x000004f0       0x30 timer0.o

.debug_pubnames
 *(.debug_pubnames)

.debug_info     0x00000000     0x4761
 *(.debug_info .gnu.linkonce.wi.*)
 .debug_info    0x00000000      0x6cc C:/Program Files (x86)/Atmel/Studio/7.0/Packs/atmel/ATmega_DFP/1.7.374/gcc/dev/atmega324a/avr5/crtatmega324a.o
 .debug_info    0x000006cc      0x2ab adc.o
 .debug_info    0x00000977      0x271 buttons.o
 .debug_info    0x00000be8      0x46e cpu.o
 .debug_info    0x00001056      0x5af display.o
 .debug_info    0x00001605     0x101a game.o
 .debug_info    0x0000261f      0x526 ledmatrix.o
 .debug_info    0x00002b45      0x911 project.o
 .debug_info    0x00003456      0x486 serialio.o
 .debug_info    0x000038dc      0x6a8 sound.o
 .debug_info    0x00003f84       0xc1 spi.o
 .debug_info    0x00004045      0x159 ssd.o
 .debug_info    0x0000419e      0x4ba terminalio.o
 .debug_info    0x00004658      0x109 timer0.o

.debug_abbrev   0x00000000     0x187f
 *(.debug_abbrev)
 .debug_abbrev  0x00000000      0x66e C:/Program Files (x86)/Atmel/Studio/7.0/Packs/atmel/ATmega_DFP/1.7.374/gcc/dev/atmega324a/avr5/crtatmega324a.o
 .debug_abbrev  0x0000066e      0x15e adc.o
 .debug_abbrev  0x000007cc       0xfe buttons.o
 .debug_abbrev  0x000008ca      0x173 cpu.o
 .debug_abbrev  0x00000a3d      0x120 display.o
 .debug_abbrev  0x00000b5d      0x2b8 game.o
 .debug_abbrev  0x00000e15      0x13e ledmatrix.o
 .debug_abbrev  0x00000f53      0x178 project.o
 .debug_abbrev  0x000010cb      0x2a6 serialio.o
 .debug_abbrev  0x00001371      0x21b sound.o
 .debug_abbrev  0x0000158c       0x7c spi.o
 .debug_abbrev  0x00001608       0xe3 ssd.o
 .debug_abbrev  0x000016eb       0xf9 terminalio.o
 .debug_abbrev  0x000017e4       0x9b timer0.o

.debug_line     0x00000000     0x29de
 *(.debug_line .debug_line.* .debug_line_end)
 .debug_line    0x00000000      0x152 C:/Program Files (x86)/Atmel/Studio/7.0/Packs/atmel/ATmega_DFP/1.7.374/gcc/dev/atmega324a/avr5/crtatmega324a.o
 .debug_line    0x00000152      0x1f9 adc.o
 .debug_line    0x0000034b      0x201 buttons.o
 .debug_line    0x0000054c      0x26a cpu.o
 .debug_line    0x000007b6      0x453 display.o
 .debug_line    0x00000c09      0x874 game.o
 .debug_line    0x0000147d      0x36e ledmatrix.o
 .debug_line    0x000017eb      0x4db project.o
 .debug_line    0x00001cc6      0x2f8 serialio.o
 .debug_line    0x00001fbe      0x413 sound.o
 .debug_line    0x000023d1      0x114 spi.o
 .debug_line    0x000024e5      0x12a ssd.o
 .debug_line    0x0000260f      0x2b7 terminalio.o
 .debug_line    0x000028c6      0x118 timer0.o

.debug_frame    0x00000000      0xe28
 *(.debug_frame)
 .debug_frame   0x00000000       0x90 adc.o
 .debug_frame   0x00000090       0xa0 buttons.o
 .debug_frame   0x00000130       0xd0 cpu.o
 .debug_frame   0x00000200      0x140 display.o
 .debug_frame   0x00000340      0x354 game.o
 .debug_frame   0x00000694      0x138 ledmatrix.o
 .debug_frame   0x000007cc      0x11c project.o
 .debug_frame   0x000008e8      0x11c serialio.o
 .debug_frame   0x00000a04      0x140 sound.o
 .debug_frame   0x00000b44       0x34 spi.o
 .debug_frame   0x00000b78       0x8c ssd.o
 .debug_frame   0x00000c04      0x1c0 terminalio.o
 .debug_frame   0x00000dc4       0x64 timer0.o

.debug_str      0x00000000     0x137b
 *(.debug_str)
 .debug_str     0x00000000      0x255 C:/Program Files (x86)/Atmel/Studio/7.0/Packs/atmel/ATmega_DFP/1.7.374/gcc/dev/atmega324a/avr5/crtatmega324a.o
 .debug_str     0x00000255      0x232 adc.o
                                0x279 (size before relaxing)
 .debug_str     0x00000487       0x9c buttons.o
                                0x271 (size before relaxing)
 .debug_str     0x00000523      0x19c cpu.o
                                0x359 (size before relaxing)
 .debug_str     0x000006bf      0x173 display.o
                                0x2fb (size before relaxing)
 .debug_str     0x00000832      0x34f game.o
                                0x679 (size before relaxing)
 .debug_str     0x00000b81      0x13a ledmatrix.o
                                0x322 (size before relaxing)
 .debug_str     0x00000cbb      0x1bd project.o
                                0x4fc (size before relaxing)
 .debug_str     0x00000e78      0x11b serialio.o
                                0x31e (size before relaxing)
 .debug_str     0x00000f93      0x185 sound.o
                                0x3ad (size before relaxing)
 .debug_str     0x00001118       0x18 spi.o
                                0x19e (size before relaxing)
 .debug_str     0x00001130       0x3e ssd.o
                                0x1e3 (size before relaxing)
 .debug_str     0x0000116e      0x1e4 terminalio.o
                                0x3b0 (size before relaxing)
 .debug_str     0x00001352       0x29 timer0.o
                                0x1df (size before relaxing)

.debug_loc      0x00000000     0x2f42
 *(.debug_loc)
 .debug_loc     0x00000000      0x224 adc.o
 .debug_loc     0x00000224      0x21b buttons.o
 .debug_loc     0x0000043f      0x271 cpu.o
 .debug_loc     0x000006b0      0x6e7 display.o
 .debug_loc     0x00000d97      0xaa6 game.o
 .debug_loc     0x0000183d      0x412 ledmatrix.o
 .debug_loc     0x00001c4f      0x381 project.o
 .debug_loc     0x00001fd0      0x2d6 serialio.o
 .debug_loc     0x000022a6      0x4fe sound.o
 .debug_loc     0x000027a4       0x59 spi.o
 .debug_loc     0x000027fd      0x114 ssd.o
 .debug_loc     0x00002911      0x5ce terminalio.o
 .debug_loc     0x00002edf       0x63 timer0.o

.debug_macinfo
 *(.debug_macinfo)

.debug_weaknames
 *(.debug_weaknames)

.debug_funcnames
 *(.debug_funcnames)

.debug_typenames
 *(.debug_typenames)

.debug_varnames
 *(.debug_varnames)

.debug_pubtypes
 *(.debug_pubtypes)

.debug_ranges   0x00000000      0x4f0
 *(.debug_ranges)
 .debug_ranges  0x00000000       0x48 adc.o
 .debug_ranges  0x00000048       0x20 buttons.o
 .debug_ranges  0x00000068       0x38 cpu.o
 .debug_ranges  0x000000a0       0x90 display.o
 .debug_ranges  0x00000130      0x148 game.o
 .debug_ranges  0x00000278       0x90 ledmatrix.o
 .debug_ranges  0x00000308       0x50 project.o
 .debug_ranges  0x00000358       0x50 serialio.o
 .debug_ranges  0x000003a8       0x78 sound.o
 .debug_ranges  0x00000420       0x18 spi.o
 .debug_ranges  0x00000438       0x20 ssd.o
 .debug_ranges  0x00000458       0x78 terminalio.o
 .debug_ranges  0x000004d0       0x20 timer0.o

.debug_macro
 *(.debug_macro)
OUTPUT(pong_game.elf elf32-avr)
LOAD linker stubs
